
> velmont@1.0.0 build
> next build

   ▲ Next.js 15.1.6
   - Environments: .env.local

   Creating an optimized production build ...
<w> [webpack.cache.PackFileCacheStrategy] Serializing big strings (106kiB) impacts deserialization performance (consider using Buffer instead and decode when needed)
<w> [webpack.cache.PackFileCacheStrategy] Serializing big strings (258kiB) impacts deserialization performance (consider using Buffer instead and decode when needed)
 ✓ Compiled successfully
   Linting and checking validity of types ...
Failed to compile.

./src/lib/stripe/server.ts:17:5
Type error: Type '"2024-12-18.acacia"' is not assignable to type '"2025-02-24.acacia"'.

[0m [90m 15 |[39m   }[0m
[0m [90m 16 |[39m   [36mreturn[39m [36mnew[39m [33mStripe[39m(key[33m,[39m {[0m
[0m[31m[1m>[22m[39m[90m 17 |[39m     apiVersion[33m:[39m [32m"2024-12-18.acacia"[39m[33m,[39m[0m
[0m [90m    |[39m     [31m[1m^[22m[39m[0m
[0m [90m 18 |[39m     typescript[33m:[39m [36mtrue[39m[33m,[39m[0m
[0m [90m 19 |[39m   })[33m;[39m[0m
[0m [90m 20 |[39m }[0m
Static worker exited with code: 1 and signal: null
